# MO2 ModOrganizer.ini "gameName" -> Nexus Mods URL domain slug.
# One entry per line: gameName|nexus_domain
# Match is case-insensitive on the gameName side.
# Confirmed against a real ModOrganizer.ini: "Fallout 4" and "Skyrim Special Edition".
# Anything missing: add it to games.local.map instead of editing this file.
Skyrim|skyrim
Skyrim Special Edition|skyrimspecialedition
Skyrim VR|skyrimvr
Enderal|enderal
Enderal Special Edition|enderalspecialedition
Fallout 3|fallout3
Fallout New Vegas|newvegas
Fallout 4|fallout4
Fallout 4 VR|fallout4
Oblivion|oblivion
Morrowind|morrowind
Starfield|starfield
Fallout 76|fallout76
Fallout 4 London|fallout4london
Nehrim|nehrim
Kingdom Come: Deliverance|kingdomcomedeliverance
Kingdom Come: Deliverance II|kingdomcomedeliverance2
METAL GEAR SOLID 2: Sons of Liberty - Master Collection Version|metalgearsolid2mc
METAL GEAR SOLID 3: Snake Eater - Master Collection Version|metalgearsolid3mc
Cyberpunk 2077|cyberpunk2077
Dragon Age 2|dragonage2
Dragon Age: Origins|dragonage
Baldur's Gate 3|baldursgate3
Black & White 2|blackandwhite2
Black & White 2 Battle of the Gods|blackandwhite2
Borderlands|borderlands
Dark Souls|darksouls
Dark Souls II: Scholar of the First Sin|darksouls2
Mount & Blade II: Bannerlord|mountandblade2bannerlord
Oblivion Remastered|oblivionremastered
Stardew Valley|stardewvalley
Valheim|valheim
X4: Foundations|x4foundations
The Witcher 3: Wild Hunt|witcher3
The Witcher 2: Assassins of Kings|witcher2
The Witcher: Enhanced Edition|witcher
The Sims 4|thesims4
Monster Hunter: World|monsterhunterworld
Monster Hunter: Rise|monsterhunterrise
Subnautica|subnautica
Subnautica: Below Zero|subnauticabelowzero
No Man's Sky|nomanssky
Sekiro: Shadows Die Twice|sekiro
Vampire - The Masquerade: Bloodlines|vampirebloodlines
NieR:Automata|nierautomata
Divinity: Original Sin (Classic)|divinityoriginalsin
Divinity: Original Sin (Enhanced Edition)|divinityoriginalsinenhancededition
Control|control
